Archive member included to satisfy reference by file (symbol)

d:/examples/stm32/stm32cubeide_1.7.0/stm32cubeide/plugins/com.st.stm32cube.ide.mcu.externaltools.gnu-tools-for-stm32.9-2020-q2-update.win32_2.0.0.202105311346/tools/bin/../lib/gcc/arm-none-eabi/9.3.1/../../../../arm-none-eabi/lib/thumb/v7-m/nofp\libc_nano.a(lib_a-errno.o)
                              ./Core/Src/syscalls.o (__errno)
d:/examples/stm32/stm32cubeide_1.7.0/stm32cubeide/plugins/com.st.stm32cube.ide.mcu.externaltools.gnu-tools-for-stm32.9-2020-q2-update.win32_2.0.0.202105311346/tools/bin/../lib/gcc/arm-none-eabi/9.3.1/../../../../arm-none-eabi/lib/thumb/v7-m/nofp\libc_nano.a(lib_a-exit.o)
                              d:/examples/stm32/stm32cubeide_1.7.0/stm32cubeide/plugins/com.st.stm32cube.ide.mcu.externaltools.gnu-tools-for-stm32.9-2020-q2-update.win32_2.0.0.202105311346/tools/bin/../lib/gcc/arm-none-eabi/9.3.1/../../../../arm-none-eabi/lib/thumb/v7-m/nofp/crt0.o (exit)
d:/examples/stm32/stm32cubeide_1.7.0/stm32cubeide/plugins/com.st.stm32cube.ide.mcu.externaltools.gnu-tools-for-stm32.9-2020-q2-update.win32_2.0.0.202105311346/tools/bin/../lib/gcc/arm-none-eabi/9.3.1/../../../../arm-none-eabi/lib/thumb/v7-m/nofp\libc_nano.a(lib_a-impure.o)
                              d:/examples/stm32/stm32cubeide_1.7.0/stm32cubeide/plugins/com.st.stm32cube.ide.mcu.externaltools.gnu-tools-for-stm32.9-2020-q2-update.win32_2.0.0.202105311346/tools/bin/../lib/gcc/arm-none-eabi/9.3.1/../../../../arm-none-eabi/lib/thumb/v7-m/nofp\libc_nano.a(lib_a-exit.o) (_global_impure_ptr)
d:/examples/stm32/stm32cubeide_1.7.0/stm32cubeide/plugins/com.st.stm32cube.ide.mcu.externaltools.gnu-tools-for-stm32.9-2020-q2-update.win32_2.0.0.202105311346/tools/bin/../lib/gcc/arm-none-eabi/9.3.1/../../../../arm-none-eabi/lib/thumb/v7-m/nofp\libc_nano.a(lib_a-init.o)
                              d:/examples/stm32/stm32cubeide_1.7.0/stm32cubeide/plugins/com.st.stm32cube.ide.mcu.externaltools.gnu-tools-for-stm32.9-2020-q2-update.win32_2.0.0.202105311346/tools/bin/../lib/gcc/arm-none-eabi/9.3.1/../../../../arm-none-eabi/lib/thumb/v7-m/nofp/crt0.o (__libc_init_array)
d:/examples/stm32/stm32cubeide_1.7.0/stm32cubeide/plugins/com.st.stm32cube.ide.mcu.externaltools.gnu-tools-for-stm32.9-2020-q2-update.win32_2.0.0.202105311346/tools/bin/../lib/gcc/arm-none-eabi/9.3.1/../../../../arm-none-eabi/lib/thumb/v7-m/nofp\libc_nano.a(lib_a-memset.o)
                              d:/examples/stm32/stm32cubeide_1.7.0/stm32cubeide/plugins/com.st.stm32cube.ide.mcu.externaltools.gnu-tools-for-stm32.9-2020-q2-update.win32_2.0.0.202105311346/tools/bin/../lib/gcc/arm-none-eabi/9.3.1/../../../../arm-none-eabi/lib/thumb/v7-m/nofp/crt0.o (memset)

Allocating common symbols
Common symbol       size              file

KeyReg3             0xc               ./Core/Src/button.o
timer_counter       0x28              ./Core/Src/software_timer.o
KeyReg0             0xc               ./Core/Src/button.o
uwTick              0x4               ./Drivers/STM32F1xx_HAL_Driver/Src/stm32f1xx_hal.o
pFlash              0x20              ./Drivers/STM32F1xx_HAL_Driver/Src/stm32f1xx_hal_flash.o
KeyReg1             0xc               ./Core/Src/button.o
TimeOutForKeyPress  0xc               ./Core/Src/button.o
button_flag         0xc               ./Core/Src/button.o
button_pressed      0xc               ./Core/Src/button.o
KeyReg2             0xc               ./Core/Src/button.o
timer_flag          0x28              ./Core/Src/software_timer.o
htim2               0x48              ./Core/Src/main.o
button_long_pressed
                    0xc               ./Core/Src/button.o

Discarded input sections

 .text          0x0000000000000000        0x0 d:/examples/stm32/stm32cubeide_1.7.0/stm32cubeide/plugins/com.st.stm32cube.ide.mcu.externaltools.gnu-tools-for-stm32.9-2020-q2-update.win32_2.0.0.202105311346/tools/bin/../lib/gcc/arm-none-eabi/9.3.1/thumb/v7-m/nofp/crti.o
 .data          0x0000000000000000        0x0 d:/examples/stm32/stm32cubeide_1.7.0/stm32cubeide/plugins/com.st.stm32cube.ide.mcu.externaltools.gnu-tools-for-stm32.9-2020-q2-update.win32_2.0.0.202105311346/tools/bin/../lib/gcc/arm-none-eabi/9.3.1/thumb/v7-m/nofp/crti.o
 .bss           0x0000000000000000        0x0 d:/examples/stm32/stm32cubeide_1.7.0/stm32cubeide/plugins/com.st.stm32cube.ide.mcu.externaltools.gnu-tools-for-stm32.9-2020-q2-update.win32_2.0.0.202105311346/tools/bin/../lib/gcc/arm-none-eabi/9.3.1/thumb/v7-m/nofp/crti.o
 .data          0x0000000000000000        0x4 d:/examples/stm32/stm32cubeide_1.7.0/stm32cubeide/plugins/com.st.stm32cube.ide.mcu.externaltools.gnu-tools-for-stm32.9-2020-q2-update.win32_2.0.0.202105311346/tools/bin/../lib/gcc/arm-none-eabi/9.3.1/thumb/v7-m/nofp/crtbegin.o
[...]
Memory Configuration

Name             Origin             Length             Attributes
RAM              0x0000000020000000 0x0000000000002800 xrw
FLASH            0x0000000008000000 0x0000000000008000 xr
*default*        0x0000000000000000 0xffffffffffffffff

Linker script and memory map

LOAD d:/examples/stm32/stm32cubeide_1.7.0/stm32cubeide/plugins/com.st.stm32cube.ide.mcu.externaltools.gnu-tools-for-stm32.9-2020-q2-update.win32_2.0.0.202105311346/tools/bin/../lib/gcc/arm-none-eabi/9.3.1/thumb/v7-m/nofp/crti.o
LOAD d:/examples/stm32/stm32cubeide_1.7.0/stm32cubeide/plugins/com.st.stm32cube.ide.mcu.externaltools.gnu-tools-for-stm32.9-2020-q2-update.win32_2.0.0.202105311346/tools/bin/../lib/gcc/arm-none-eabi/9.3.1/thumb/v7-m/nofp/crtbegin.o
LOAD d:/examples/stm32/stm32cubeide_1.7.0/stm32cubeide/plugins/com.st.stm32cube.ide.mcu.externaltools.gnu-tools-for-stm32.9-2020-q2-update.win32_2.0.0.202105311346/tools/bin/../lib/gcc/arm-none-eabi/9.3.1/../../../../arm-none-eabi/lib/thumb/v7-m/nofp/crt0.o
LOAD ./Core/Src/7segment.o
LOAD ./Core/Src/button.o
LOAD ./Core/Src/fsm_automatic.o
LOAD ./Core/Src/global.o
LOAD ./Core/Src/main.o
LOAD ./Core/Src/software_timer.o
LOAD ./Core/Src/stm32f1xx_hal_msp.o
LOAD ./Core/Src/stm32f1xx_it.o
LOAD ./Core/Src/syscalls.o
LOAD ./Core/Src/sysmem.o
LOAD ./Core/Src/system_stm32f1xx.o
LOAD ./Core/Startup/startup_stm32f103c6ux.o
LOAD ./Drivers/STM32F1xx_HAL_Driver/Src/stm32f1xx_hal.o
LOAD ./Drivers/STM32F1xx_HAL_Driver/Src/stm32f1xx_hal_cortex.o
LOAD ./Drivers/STM32F1xx_HAL_Driver/Src/stm32f1xx_hal_dma.o
LOAD ./Drivers/STM32F1xx_HAL_Driver/Src/stm32f1xx_hal_exti.o
LOAD ./Drivers/STM32F1xx_HAL_Driver/Src/stm32f1xx_hal_flash.o
LOAD ./Drivers/STM32F1xx_HAL_Driver/Src/stm32f1xx_hal_flash_ex.o
LOAD ./Drivers/STM32F1xx_HAL_Driver/Src/stm32f1xx_hal_gpio.o
LOAD ./Drivers/STM32F1xx_HAL_Driver/Src/stm32f1xx_hal_gpio_ex.o
LOAD ./Drivers/STM32F1xx_HAL_Driver/Src/stm32f1xx_hal_pwr.o
LOAD ./Drivers/STM32F1xx_HAL_Driver/Src/stm32f1xx_hal_rcc.o
LOAD ./Drivers/STM32F1xx_HAL_Driver/Src/stm32f1xx_hal_rcc_ex.o
LOAD ./Drivers/STM32F1xx_HAL_Driver/Src/stm32f1xx_hal_tim.o
LOAD ./Drivers/STM32F1xx_HAL_Driver/Src/stm32f1xx_hal_tim_ex.o
START GROUP
LOAD d:/examples/stm32/stm32cubeide_1.7.0/stm32cubeide/plugins/com.st.stm32cube.ide.mcu.externaltools.gnu-tools-for-stm32.9-2020-q2-update.win32_2.0.0.202105311346/tools/bin/../lib/gcc/arm-none-eabi/9.3.1/../../../../arm-none-eabi/lib/thumb/v7-m/nofp\libc_nano.a
LOAD d:/examples/stm32/stm32cubeide_1.7.0/stm32cubeide/plugins/com.st.stm32cube.ide.mcu.externaltools.gnu-tools-for-stm32.9-2020-q2-update.win32_2.0.0.202105311346/tools/bin/../lib/gcc/arm-none-eabi/9.3.1/../../../../arm-none-eabi/lib/thumb/v7-m/nofp\libm.a
END GROUP
START GROUP
LOAD d:/examples/stm32/stm32cubeide_1.7.0/stm32cubeide/plugins/com.st.stm32cube.ide.mcu.externaltools.gnu-tools-for-stm32.9-2020-q2-update.win32_2.0.0.202105311346/tools/bin/../lib/gcc/arm-none-eabi/9.3.1/thumb/v7-m/nofp\libgcc.a
LOAD d:/examples/stm32/stm32cubeide_1.7.0/stm32cubeide/plugins/com.st.stm32cube.ide.mcu.externaltools.gnu-tools-for-stm32.9-2020-q2-update.win32_2.0.0.202105311346/tools/bin/../lib/gcc/arm-none-eabi/9.3.1/../../../../arm-none-eabi/lib/thumb/v7-m/nofp\libc_nano.a
END GROUP
START GROUP
LOAD d:/examples/stm32/stm32cubeide_1.7.0/stm32cubeide/plugins/com.st.stm32cube.ide.mcu.externaltools.gnu-tools-for-stm32.9-2020-q2-update.win32_2.0.0.202105311346/tools/bin/../lib/gcc/arm-none-eabi/9.3.1/thumb/v7-m/nofp\libgcc.a
LOAD d:/examples/stm32/stm32cubeide_1.7.0/stm32cubeide/plugins/com.st.stm32cube.ide.mcu.externaltools.gnu-tools-for-stm32.9-2020-q2-update.win32_2.0.0.202105311346/tools/bin/../lib/gcc/arm-none-eabi/9.3.1/../../../../arm-none-eabi/lib/thumb/v7-m/nofp\libc_nano.a
LOAD d:/examples/stm32/stm32cubeide_1.7.0/stm32cubeide/plugins/com.st.stm32cube.ide.mcu.externaltools.gnu-tools-for-stm32.9-2020-q2-update.win32_2.0.0.202105311346/tools/bin/../lib/gcc/arm-none-eabi/9.3.1/../../../../arm-none-eabi/lib/thumb/v7-m/nofp\libnosys.a
END GROUP
START GROUP
LOAD d:/examples/stm32/stm32cubeide_1.7.0/stm32cubeide/plugins/com.st.stm32cube.ide.mcu.externaltools.gnu-tools-for-stm32.9-2020-q2-update.win32_2.0.0.202105311346/tools/bin/../lib/gcc/arm-none-eabi/9.3.1/thumb/v7-m/nofp\libgcc.a
LOAD d:/examples/stm32/stm32cubeide_1.7.0/stm32cubeide/plugins/com.st.stm32cube.ide.mcu.externaltools.gnu-tools-for-stm32.9-2020-q2-update.win32_2.0.0.202105311346/tools/bin/../lib/gcc/arm-none-eabi/9.3.1/../../../../arm-none-eabi/lib/thumb/v7-m/nofp\libc_nano.a
LOAD d:/examples/stm32/stm32cubeide_1.7.0/stm32cubeide/plugins/com.st.stm32cube.ide.mcu.externaltools.gnu-tools-for-stm32.9-2020-q2-update.win32_2.0.0.202105311346/tools/bin/../lib/gcc/arm-none-eabi/9.3.1/../../../../arm-none-eabi/lib/thumb/v7-m/nofp\libnosys.a
END GROUP
LOAD d:/examples/stm32/stm32cubeide_1.7.0/stm32cubeide/plugins/com.st.stm32cube.ide.mcu.externaltools.gnu-tools-for-stm32.9-2020-q2-update.win32_2.0.0.202105311346/tools/bin/../lib/gcc/arm-none-eabi/9.3.1/thumb/v7-m/nofp/crtend.o
LOAD d:/examples/stm32/stm32cubeide_1.7.0/stm32cubeide/plugins/com.st.stm32cube.ide.mcu.externaltools.gnu-tools-for-stm32.9-2020-q2-update.win32_2.0.0.202105311346/tools/bin/../lib/gcc/arm-none-eabi/9.3.1/thumb/v7-m/nofp/crtn.o
                0x0000000020002800                _estack = (ORIGIN (RAM) + LENGTH (RAM))
                0x0000000000000200                _Min_Heap_Size = 0x200
                0x0000000000000400                _Min_Stack_Size = 0x400

.isr_vector     0x0000000008000000      0x10c
                0x0000000008000000                . = ALIGN (0x4)
 *(.isr_vector)
 .isr_vector    0x0000000008000000      0x10c ./Core/Startup/startup_stm32f103c6ux.o
                0x0000000008000000                g_pfnVectors
                0x000000000800010c                . = ALIGN (0x4)

.text           0x000000000800010c     0x29a8
                0x000000000800010c                . = ALIGN (0x4)
 *(.text)
 .text          0x000000000800010c       0x40 d:/examples/stm32/stm32cubeide_1.7.0/stm32cubeide/plugins/com.st.stm32cube.ide.mcu.externaltools.gnu-tools-for-stm32.9-2020-q2-update.win32_2.0.0.202105311346/tools/bin/../lib/gcc/arm-none-eabi/9.3.1/thumb/v7-m/nofp/crtbegin.o
 *(.text*)
 .text.clear7SEG
                0x000000000800014c       0x18 ./Core/Src/7segment.o
                0x000000000800014c                clear7SEG
 .text.writeEn  0x0000000008000164       0x64 ./Core/Src/7segment.o
                0x0000000008000164                writeEn
 .text.display7SEG
                0x00000000080001c8      0x120 ./Core/Src/7segment.o
                0x00000000080001c8                display7SEG
 .text.display7SEG2
                0x00000000080002e8      0x148 ./Core/Src/7segment.o
                0x00000000080002e8                display7SEG2
 .text.displayBuffer
                0x0000000008000430       0x90 ./Core/Src/7segment.o
                0x0000000008000430                displayBuffer
 .text.displayBuffer2
                0x00000000080004c0       0xc0 ./Core/Src/7segment.o
                0x00000000080004c0                displayBuffer2
 .text.RunSeg   0x0000000008000580      0x10c ./Core/Src/7segment.o
                0x0000000008000580                RunSeg
 .text.RunSegMode2
                0x000000000800068c       0xcc ./Core/Src/7segment.o
                0x000000000800068c                RunSegMode2
 .text.RunSegMode3
                0x0000000008000758       0xcc ./Core/Src/7segment.o
                0x0000000008000758                RunSegMode3
 .text.RunSegMode4
                0x0000000008000824       0xcc ./Core/Src/7segment.o
                0x0000000008000824                RunSegMode4
 .text.setButton
                0x00000000080008f0       0x84 ./Core/Src/button.o
                0x00000000080008f0                setButton
 .text.isButtonPressed
                0x0000000008000974       0xa8 ./Core/Src/button.o
                0x0000000008000974                isButtonPressed
 .text.getKeyInput
                0x0000000008000a1c      0x138 ./Core/Src/button.o
                0x0000000008000a1c                getKeyInput
 .text.initState
                0x0000000008000b54       0x38 ./Core/Src/fsm_automatic.o
                0x0000000008000b54                initState
 .text.checkTime
                0x0000000008000b8c       0xa4 ./Core/Src/fsm_automatic.o
                0x0000000008000b8c                checkTime
 .text.fsm_automatic_run
                0x0000000008000c30      0x3c8 ./Core/Src/fsm_automatic.o
                0x0000000008000c30                fsm_automatic_run
 .text.main     0x0000000008000ff8       0x58 ./Core/Src/main.o
                0x0000000008000ff8                main
 .text.SystemClock_Config
                0x0000000008001050       0x76 ./Core/Src/main.o
                0x0000000008001050                SystemClock_Config
 *fill*         0x00000000080010c6        0x2 
 .text.MX_TIM2_Init
                0x00000000080010c8       0x98 ./Core/Src/main.o
 .text.MX_GPIO_Init
                0x0000000008001160       0xe4 ./Core/Src/main.o
 .text.HAL_TIM_PeriodElapsedCallback
                0x0000000008001244       0x18 ./Core/Src/main.o
                0x0000000008001244                HAL_TIM_PeriodElapsedCallback
 .text.Error_Handler
                0x000000000800125c        0xa ./Core/Src/main.o
                0x000000000800125c                Error_Handler
 *fill*         0x0000000008001266        0x2 
 .text.setTimer
                0x0000000008001268       0x40 ./Core/Src/software_timer.o
                0x0000000008001268                setTimer
 .text.timerRun
                0x00000000080012a8       0x60 ./Core/Src/software_timer.o
                0x00000000080012a8                timerRun
 .text.HAL_MspInit
                0x0000000008001308       0x64 ./Core/Src/stm32f1xx_hal_msp.o
                0x0000000008001308                HAL_MspInit
 .text.HAL_TIM_Base_MspInit
                0x000000000800136c       0x48 ./Core/Src/stm32f1xx_hal_msp.o
                0x000000000800136c                HAL_TIM_Base_MspInit
 .text.NMI_Handler
                0x00000000080013b4        0x6 ./Core/Src/stm32f1xx_it.o
                0x00000000080013b4                NMI_Handler
 .text.HardFault_Handler
                0x00000000080013ba        0x6 ./Core/Src/stm32f1xx_it.o
                0x00000000080013ba                HardFault_Handler
 .text.MemManage_Handler
                0x00000000080013c0        0x6 ./Core/Src/stm32f1xx_it.o
                0x00000000080013c0                MemManage_Handler
 .text.BusFault_Handler
                0x00000000080013c6        0x6 ./Core/Src/stm32f1xx_it.o
                0x00000000080013c6                BusFault_Handler
 .text.UsageFault_Handler
                0x00000000080013cc        0x6 ./Core/Src/stm32f1xx_it.o
                0x00000000080013cc                UsageFault_Handler
 .text.SVC_Handler
                0x00000000080013d2        0xc ./Core/Src/stm32f1xx_it.o
                0x00000000080013d2                SVC_Handler
 .text.DebugMon_Handler
                0x00000000080013de        0xc ./Core/Src/stm32f1xx_it.o
                0x00000000080013de                DebugMon_Handler
 .text.PendSV_Handler
                0x00000000080013ea        0xc ./Core/Src/stm32f1xx_it.o
                0x00000000080013ea                PendSV_Handler
 .text.SysTick_Handler
                0x00000000080013f6        0xc ./Core/Src/stm32f1xx_it.o
                0x00000000080013f6                SysTick_Handler
 *fill*         0x0000000008001402        0x2 
 .text.TIM2_IRQHandler
                0x0000000008001404       0x14 ./Core/Src/stm32f1xx_it.o
                0x0000000008001404                TIM2_IRQHandler
 .text.SystemInit
                0x0000000008001418        0xc ./Core/Src/system_stm32f1xx.o
                0x0000000008001418                SystemInit
 .text.Reset_Handler
                0x0000000008001424       0x48 ./Core/Startup/startup_stm32f103c6ux.o
                0x0000000008001424                Reset_Handler
 .text.Default_Handler
                0x000000000800146c        0x2 ./Core/Startup/startup_stm32f103c6ux.o
                0x000000000800146c                RTC_Alarm_IRQHandler
                0x000000000800146c                EXTI2_IRQHandler
                0x000000000800146c                TIM1_CC_IRQHandler
                0x000000000800146c                PVD_IRQHandler
                0x000000000800146c                EXTI3_IRQHandler
                0x000000000800146c                EXTI0_IRQHandler
                0x000000000800146c                ADC1_2_IRQHandler
                0x000000000800146c                SPI1_IRQHandler
                0x000000000800146c                TAMPER_IRQHandler
                0x000000000800146c                DMA1_Channel4_IRQHandler
                0x000000000800146c                RTC_IRQHandler
                0x000000000800146c                DMA1_Channel7_IRQHandler
                0x000000000800146c                CAN1_RX1_IRQHandler
                0x000000000800146c                I2C1_EV_IRQHandler
                0x000000000800146c                DMA1_Channel6_IRQHandler
                0x000000000800146c                TIM3_IRQHandler
                0x000000000800146c                RCC_IRQHandler
                0x000000000800146c                TIM1_TRG_COM_IRQHandler
                0x000000000800146c                DMA1_Channel1_IRQHandler
                0x000000000800146c                Default_Handler
                0x000000000800146c                EXTI15_10_IRQHandler
                0x000000000800146c                EXTI9_5_IRQHandler
                0x000000000800146c                DMA1_Channel5_IRQHandler
                0x000000000800146c                EXTI4_IRQHandler
                0x000000000800146c                USB_LP_CAN1_RX0_IRQHandler
                0x000000000800146c                USB_HP_CAN1_TX_IRQHandler
                0x000000000800146c                DMA1_Channel3_IRQHandler
                0x000000000800146c                TIM1_UP_IRQHandler
                0x000000000800146c                WWDG_IRQHandler
                0x000000000800146c                TIM1_BRK_IRQHandler
                0x000000000800146c                EXTI1_IRQHandler
                0x000000000800146c                USART2_IRQHandler
                0x000000000800146c                DMA1_Channel2_IRQHandler
                0x000000000800146c                CAN1_SCE_IRQHandler
                0x000000000800146c                FLASH_IRQHandler
                0x000000000800146c                USART1_IRQHandler
                0x000000000800146c                I2C1_ER_IRQHandler
                0x000000000800146c                USBWakeUp_IRQHandler
 *fill*         0x000000000800146e        0x2 
 .text.HAL_Init
                0x0000000008001470       0x2c ./Drivers/STM32F1xx_HAL_Driver/Src/stm32f1xx_hal.o
                0x0000000008001470                HAL_Init
 .text.HAL_InitTick
                0x000000000800149c       0x60 ./Drivers/STM32F1xx_HAL_Driver/Src/stm32f1xx_hal.o
                0x000000000800149c                HAL_InitTick
 .text.HAL_IncTick
                0x00000000080014fc       0x24 ./Drivers/STM32F1xx_HAL_Driver/Src/stm32f1xx_hal.o
                0x00000000080014fc                HAL_IncTick
 .text.HAL_GetTick
                0x0000000008001520       0x14 ./Drivers/STM32F1xx_HAL_Driver/Src/stm32f1xx_hal.o
                0x0000000008001520                HAL_GetTick
 .text.__NVIC_SetPriorityGrouping
                0x0000000008001534       0x48 ./Drivers/STM32F1xx_HAL_Driver/Src/stm32f1xx_hal_cortex.o
 .text.__NVIC_GetPriorityGrouping
                0x000000000800157c       0x1c ./Drivers/STM32F1xx_HAL_Driver/Src/stm32f1xx_hal_cortex.o
 .text.__NVIC_EnableIRQ
                0x0000000008001598       0x38 ./Drivers/STM32F1xx_HAL_Driver/Src/stm32f1xx_hal_cortex.o
 .text.__NVIC_SetPriority
                0x00000000080015d0       0x54 ./Drivers/STM32F1xx_HAL_Driver/Src/stm32f1xx_hal_cortex.o
 .text.NVIC_EncodePriority
                0x0000000008001624       0x64 ./Drivers/STM32F1xx_HAL_Driver/Src/stm32f1xx_hal_cortex.o
 .text.SysTick_Config
                0x0000000008001688       0x44 ./Drivers/STM32F1xx_HAL_Driver/Src/stm32f1xx_hal_cortex.o
 .text.HAL_NVIC_SetPriorityGrouping
                0x00000000080016cc       0x16 ./Drivers/STM32F1xx_HAL_Driver/Src/stm32f1xx_hal_cortex.o
                0x00000000080016cc                HAL_NVIC_SetPriorityGrouping
 .text.HAL_NVIC_SetPriority
                0x00000000080016e2       0x38 ./Drivers/STM32F1xx_HAL_Driver/Src/stm32f1xx_hal_cortex.o
                0x00000000080016e2                HAL_NVIC_SetPriority
 .text.HAL_NVIC_EnableIRQ
                0x000000000800171a       0x1c ./Drivers/STM32F1xx_HAL_Driver/Src/stm32f1xx_hal_cortex.o
                0x000000000800171a                HAL_NVIC_EnableIRQ
 .text.HAL_SYSTICK_Config
                0x0000000008001736       0x18 ./Drivers/STM32F1xx_HAL_Driver/Src/stm32f1xx_hal_cortex.o
                0x0000000008001736                HAL_SYSTICK_Config
 *fill*         0x000000000800174e        0x2 
 .text.HAL_GPIO_Init
                0x0000000008001750      0x2f4 ./Drivers/STM32F1xx_HAL_Driver/Src/stm32f1xx_hal_gpio.o
                0x0000000008001750                HAL_GPIO_Init
 .text.HAL_GPIO_ReadPin
                0x0000000008001a44       0x2e ./Drivers/STM32F1xx_HAL_Driver/Src/stm32f1xx_hal_gpio.o
                0x0000000008001a44                HAL_GPIO_ReadPin
 .text.HAL_GPIO_WritePin
                0x0000000008001a72       0x30 ./Drivers/STM32F1xx_HAL_Driver/Src/stm32f1xx_hal_gpio.o
                0x0000000008001a72                HAL_GPIO_WritePin
 .text.HAL_GPIO_TogglePin
                0x0000000008001aa2       0x32 ./Drivers/STM32F1xx_HAL_Driver/Src/stm32f1xx_hal_gpio.o
                0x0000000008001aa2                HAL_GPIO_TogglePin
 .text.HAL_RCC_OscConfig
                0x0000000008001ad4      0x500 ./Drivers/STM32F1xx_HAL_Driver/Src/stm32f1xx_hal_rcc.o
                0x0000000008001ad4                HAL_RCC_OscConfig
 .text.HAL_RCC_ClockConfig
                0x0000000008001fd4      0x1d4 ./Drivers/STM32F1xx_HAL_Driver/Src/stm32f1xx_hal_rcc.o
                0x0000000008001fd4                HAL_RCC_ClockConfig
 .text.HAL_RCC_GetSysClockFreq
                0x00000000080021a8       0xa8 ./Drivers/STM32F1xx_HAL_Driver/Src/stm32f1xx_hal_rcc.o
                0x00000000080021a8                HAL_RCC_GetSysClockFreq
 .text.RCC_Delay
                0x0000000008002250       0x3c ./Drivers/STM32F1xx_HAL_Driver/Src/stm32f1xx_hal_rcc.o
 .text.HAL_TIM_Base_Init
                0x000000000800228c       0x9e ./Drivers/STM32F1xx_HAL_Driver/Src/stm32f1xx_hal_tim.o
                0x000000000800228c                HAL_TIM_Base_Init
 *fill*         0x000000000800232a        0x2 
 .text.HAL_TIM_Base_Start_IT
                0x000000000800232c       0x98 ./Drivers/STM32F1xx_HAL_Driver/Src/stm32f1xx_hal_tim.o
                0x000000000800232c                HAL_TIM_Base_Start_IT
 .text.HAL_TIM_IRQHandler
                0x00000000080023c4      0x1e0 ./Drivers/STM32F1xx_HAL_Driver/Src/stm32f1xx_hal_tim.o
                0x00000000080023c4                HAL_TIM_IRQHandler
 .text.HAL_TIM_ConfigClockSource
                0x00000000080025a4      0x18e ./Drivers/STM32F1xx_HAL_Driver/Src/stm32f1xx_hal_tim.o
                0x00000000080025a4                HAL_TIM_ConfigClockSource
 .text.HAL_TIM_OC_DelayElapsedCallback
                0x0000000008002732       0x12 ./Drivers/STM32F1xx_HAL_Driver/Src/stm32f1xx_hal_tim.o
                0x0000000008002732                HAL_TIM_OC_DelayElapsedCallback
 .text.HAL_TIM_IC_CaptureCallback
                0x0000000008002744       0x12 ./Drivers/STM32F1xx_HAL_Driver/Src/stm32f1xx_hal_tim.o
                0x0000000008002744                HAL_TIM_IC_CaptureCallback
 .text.HAL_TIM_PWM_PulseFinishedCallback
                0x0000000008002756       0x12 ./Drivers/STM32F1xx_HAL_Driver/Src/stm32f1xx_hal_tim.o
                0x0000000008002756                HAL_TIM_PWM_PulseFinishedCallback
 .text.HAL_TIM_TriggerCallback
                0x0000000008002768       0x12 ./Drivers/STM32F1xx_HAL_Driver/Src/stm32f1xx_hal_tim.o
                0x0000000008002768                HAL_TIM_TriggerCallback
 *fill*         0x000000000800277a        0x2 
 .text.TIM_Base_SetConfig
                0x000000000800277c       0xc8 ./Drivers/STM32F1xx_HAL_Driver/Src/stm32f1xx_hal_tim.o
                0x000000000800277c                TIM_Base_SetConfig
 .text.TIM_TI1_ConfigInputStage
                0x0000000008002844       0x5c ./Drivers/STM32F1xx_HAL_Driver/Src/stm32f1xx_hal_tim.o
 .text.TIM_TI2_ConfigInputStage
                0x00000000080028a0       0x5e ./Drivers/STM32F1xx_HAL_Driver/Src/stm32f1xx_hal_tim.o
 .text.TIM_ITRx_SetConfig
                0x00000000080028fe       0x34 ./Drivers/STM32F1xx_HAL_Driver/Src/stm32f1xx_hal_tim.o
 .text.TIM_ETR_SetConfig
                0x0000000008002932       0x3e ./Drivers/STM32F1xx_HAL_Driver/Src/stm32f1xx_hal_tim.o
                0x0000000008002932                TIM_ETR_SetConfig
 .text.HAL_TIMEx_MasterConfigSynchronization
                0x0000000008002970       0xb0 ./Drivers/STM32F1xx_HAL_Driver/Src/stm32f1xx_hal_tim_ex.o
                0x0000000008002970                HAL_TIMEx_MasterConfigSynchronization
 .text.HAL_TIMEx_CommutCallback
                0x0000000008002a20       0x12 ./Drivers/STM32F1xx_HAL_Driver/Src/stm32f1xx_hal_tim_ex.o
                0x0000000008002a20                HAL_TIMEx_CommutCallback
 .text.HAL_TIMEx_BreakCallback
                0x0000000008002a32       0x12 ./Drivers/STM32F1xx_HAL_Driver/Src/stm32f1xx_hal_tim_ex.o
                0x0000000008002a32                HAL_TIMEx_BreakCallback
 .text.__libc_init_array
                0x0000000008002a44       0x48 d:/examples/stm32/stm32cubeide_1.7.0/stm32cubeide/plugins/com.st.stm32cube.ide.mcu.externaltools.gnu-tools-for-stm32.9-2020-q2-update.win32_2.0.0.202105311346/tools/bin/../lib/gcc/arm-none-eabi/9.3.1/../../../../arm-none-eabi/lib/thumb/v7-m/nofp\libc_nano.a(lib_a-init.o)
                0x0000000008002a44                __libc_init_array
 .text.memset   0x0000000008002a8c       0x10 d:/examples/stm32/stm32cubeide_1.7.0/stm32cubeide/plugins/com.st.stm32cube.ide.mcu.externaltools.gnu-tools-for-stm32.9-2020-q2-update.win32_2.0.0.202105311346/tools/bin/../lib/gcc/arm-none-eabi/9.3.1/../../../../arm-none-eabi/lib/thumb/v7-m/nofp\libc_nano.a(lib_a-memset.o)
                0x0000000008002a8c                memset
 *(.glue_7)
 .glue_7        0x0000000008002a9c        0x0 linker stubs
 *(.glue_7t)
 .glue_7t       0x0000000008002a9c        0x0 linker stubs
 *(.eh_frame)
 .eh_frame      0x0000000008002a9c        0x0 d:/examples/stm32/stm32cubeide_1.7.0/stm32cubeide/plugins/com.st.stm32cube.ide.mcu.externaltools.gnu-tools-for-stm32.9-2020-q2-update.win32_2.0.0.202105311346/tools/bin/../lib/gcc/arm-none-eabi/9.3.1/thumb/v7-m/nofp/crtbegin.o
 *(.init)
 .init          0x0000000008002a9c        0x4 d:/examples/stm32/stm32cubeide_1.7.0/stm32cubeide/plugins/com.st.stm32cube.ide.mcu.externaltools.gnu-tools-for-stm32.9-2020-q2-update.win32_2.0.0.202105311346/tools/bin/../lib/gcc/arm-none-eabi/9.3.1/thumb/v7-m/nofp/crti.o
                0x0000000008002a9c                _init
 .init          0x0000000008002aa0        0x8 d:/examples/stm32/stm32cubeide_1.7.0/stm32cubeide/plugins/com.st.stm32cube.ide.mcu.externaltools.gnu-tools-for-stm32.9-2020-q2-update.win32_2.0.0.202105311346/tools/bin/../lib/gcc/arm-none-eabi/9.3.1/thumb/v7-m/nofp/crtn.o
 *(.fini)
 .fini          0x0000000008002aa8        0x4 d:/examples/stm32/stm32cubeide_1.7.0/stm32cubeide/plugins/com.st.stm32cube.ide.mcu.externaltools.gnu-tools-for-stm32.9-2020-q2-update.win32_2.0.0.202105311346/tools/bin/../lib/gcc/arm-none-eabi/9.3.1/thumb/v7-m/nofp/crti.o
                0x0000000008002aa8                _fini
 .fini          0x0000000008002aac        0x8 d:/examples/stm32/stm32cubeide_1.7.0/stm32cubeide/plugins/com.st.stm32cube.ide.mcu.externaltools.gnu-tools-for-stm32.9-2020-q2-update.win32_2.0.0.202105311346/tools/bin/../lib/gcc/arm-none-eabi/9.3.1/thumb/v7-m/nofp/crtn.o
                0x0000000008002ab4                . = ALIGN (0x4)
                0x0000000008002ab4                _etext = .

.vfp11_veneer   0x0000000008002ab4        0x0
 .vfp11_veneer  0x0000000008002ab4        0x0 linker stubs

.v4_bx          0x0000000008002ab4        0x0
 .v4_bx         0x0000000008002ab4        0x0 linker stubs

.iplt           0x0000000008002ab4        0x0
 .iplt          0x0000000008002ab4        0x0 d:/examples/stm32/stm32cubeide_1.7.0/stm32cubeide/plugins/com.st.stm32cube.ide.mcu.externaltools.gnu-tools-for-stm32.9-2020-q2-update.win32_2.0.0.202105311346/tools/bin/../lib/gcc/arm-none-eabi/9.3.1/thumb/v7-m/nofp/crtbegin.o

.rodata         0x0000000008002ab4       0x24
                0x0000000008002ab4                . = ALIGN (0x4)
 *(.rodata)
 *(.rodata*)
 .rodata.AHBPrescTable
                0x0000000008002ab4       0x10 ./Core/Src/system_stm32f1xx.o
                0x0000000008002ab4                AHBPrescTable
 .rodata.aPLLMULFactorTable.6032
                0x0000000008002ac4       0x10 ./Drivers/STM32F1xx_HAL_Driver/Src/stm32f1xx_hal_rcc.o
 .rodata.aPredivFactorTable.6033
                0x0000000008002ad4        0x2 ./Drivers/STM32F1xx_HAL_Driver/Src/stm32f1xx_hal_rcc.o
                0x0000000008002ad8                . = ALIGN (0x4)
 *fill*         0x0000000008002ad6        0x2 

.rel.dyn        0x0000000008002ad8        0x0
 .rel.iplt      0x0000000008002ad8        0x0 d:/examples/stm32/stm32cubeide_1.7.0/stm32cubeide/plugins/com.st.stm32cube.ide.mcu.externaltools.gnu-tools-for-stm32.9-2020-q2-update.win32_2.0.0.202105311346/tools/bin/../lib/gcc/arm-none-eabi/9.3.1/thumb/v7-m/nofp/crtbegin.o

.ARM.extab      0x0000000008002ad8        0x0
                0x0000000008002ad8                . = ALIGN (0x4)
 *(.ARM.extab* .gnu.linkonce.armextab.*)
                0x0000000008002ad8                . = ALIGN (0x4)

.ARM            0x0000000008002ad8        0x0
                0x0000000008002ad8                . = ALIGN (0x4)
                0x0000000008002ad8                __exidx_start = .
 *(.ARM.exidx*)
                0x0000000008002ad8                __exidx_end = .
                0x0000000008002ad8                . = ALIGN (0x4)

.preinit_array  0x0000000008002ad8        0x0
                0x0000000008002ad8                . = ALIGN (0x4)
                0x0000000008002ad8                PROVIDE (__preinit_array_start = .)
 *(.preinit_array*)
                0x0000000008002ad8                PROVIDE (__preinit_array_end = .)
                0x0000000008002ad8                . = ALIGN (0x4)

.init_array     0x0000000008002ad8        0x4
                0x0000000008002ad8                . = ALIGN (0x4)
                0x0000000008002ad8                PROVIDE (__init_array_start = .)
 *(SORT_BY_NAME(.init_array.*))
 *(.init_array*)
 .init_array    0x0000000008002ad8        0x4 d:/examples/stm32/stm32cubeide_1.7.0/stm32cubeide/plugins/com.st.stm32cube.ide.mcu.externaltools.gnu-tools-for-stm32.9-2020-q2-update.win32_2.0.0.202105311346/tools/bin/../lib/gcc/arm-none-eabi/9.3.1/thumb/v7-m/nofp/crtbegin.o
                0x0000000008002adc                PROVIDE (__init_array_end = .)
                0x0000000008002adc                . = ALIGN (0x4)

.fini_array     0x0000000008002adc        0x4
                0x0000000008002adc                . = ALIGN (0x4)
                [!provide]                        PROVIDE (__fini_array_start = .)
 *(SORT_BY_NAME(.fini_array.*))
 *(.fini_array*)
 .fini_array    0x0000000008002adc        0x4 d:/examples/stm32/stm32cubeide_1.7.0/stm32cubeide/plugins/com.st.stm32cube.ide.mcu.externaltools.gnu-tools-for-stm32.9-2020-q2-update.win32_2.0.0.202105311346/tools/bin/../lib/gcc/arm-none-eabi/9.3.1/thumb/v7-m/nofp/crtbegin.o
                [!provide]                        PROVIDE (__fini_array_end = .)
                0x0000000008002ae0                . = ALIGN (0x4)
                0x0000000008002ae0                _sidata = LOADADDR (.data)

.data           0x0000000020000000       0x54 load address 0x0000000008002ae0
                0x0000000020000000                . = ALIGN (0x4)
                0x0000000020000000                _sdata = .
 *(.data)
 *(.data*)
 .data.button_ports
                0x0000000020000000        0xc ./Core/Src/button.o
                0x0000000020000000                button_ports
 .data.button_pins
                0x000000002000000c        0x6 ./Core/Src/button.o
                0x000000002000000c                button_pins
 *fill*         0x0000000020000012        0x2 
 .data.mode     0x0000000020000014        0x4 ./Core/Src/global.o
                0x0000000020000014                mode
 .data.led_buffer
                0x0000000020000018       0x18 ./Core/Src/global.o
                0x0000000020000018                led_buffer
 .data.temp     0x0000000020000030       0x18 ./Core/Src/global.o
                0x0000000020000030                temp
 .data.SystemCoreClock
                0x0000000020000048        0x4 ./Core/Src/system_stm32f1xx.o
                0x0000000020000048                SystemCoreClock
 .data.uwTickPrio
                0x000000002000004c        0x4 ./Drivers/STM32F1xx_HAL_Driver/Src/stm32f1xx_hal.o
                0x000000002000004c                uwTickPrio
 .data.uwTickFreq
                0x0000000020000050        0x1 ./Drivers/STM32F1xx_HAL_Driver/Src/stm32f1xx_hal.o
                0x0000000020000050                uwTickFreq
 *(.RamFunc)
 *(.RamFunc*)
                0x0000000020000054                . = ALIGN (0x4)
 *fill*         0x0000000020000051        0x3 
                0x0000000020000054                _edata = .

.igot.plt       0x0000000020000054        0x0 load address 0x0000000008002b34
 .igot.plt      0x0000000020000054        0x0 d:/examples/stm32/stm32cubeide_1.7.0/stm32cubeide/plugins/com.st.stm32cube.ide.mcu.externaltools.gnu-tools-for-stm32.9-2020-q2-update.win32_2.0.0.202105311346/tools/bin/../lib/gcc/arm-none-eabi/9.3.1/thumb/v7-m/nofp/crtbegin.o
                0x0000000020000054                . = ALIGN (0x4)

.bss            0x0000000020000054      0x11c load address 0x0000000008002b34
                0x0000000020000054                _sbss = .
                0x0000000020000054                __bss_start__ = _sbss
 *(.bss)
 .bss           0x0000000020000054       0x1c d:/examples/stm32/stm32cubeide_1.7.0/stm32cubeide/plugins/com.st.stm32cube.ide.mcu.externaltools.gnu-tools-for-stm32.9-2020-q2-update.win32_2.0.0.202105311346/tools/bin/../lib/gcc/arm-none-eabi/9.3.1/thumb/v7-m/nofp/crtbegin.o
 *(.bss*)
 .bss.status    0x0000000020000070        0x4 ./Core/Src/global.o
                0x0000000020000070                status
 *(COMMON)
 COMMON         0x0000000020000074       0x60 ./Core/Src/button.o
                0x0000000020000074                KeyReg3
                0x0000000020000080                KeyReg0
                0x000000002000008c                KeyReg1
                0x0000000020000098                TimeOutForKeyPress
                0x00000000200000a4                button_flag
                0x00000000200000b0                button_pressed
                0x00000000200000bc                KeyReg2
                0x00000000200000c8                button_long_pressed
 COMMON         0x00000000200000d4       0x48 ./Core/Src/main.o
                0x00000000200000d4                htim2
 COMMON         0x000000002000011c       0x50 ./Core/Src/software_timer.o
                0x000000002000011c                timer_counter
                0x0000000020000144                timer_flag
 COMMON         0x000000002000016c        0x4 ./Drivers/STM32F1xx_HAL_Driver/Src/stm32f1xx_hal.o
                0x000000002000016c                uwTick
                0x0000000020000170                . = ALIGN (0x4)
                0x0000000020000170                _ebss = .
                0x0000000020000170                __bss_end__ = _ebss

._user_heap_stack
                0x0000000020000170      0x600 load address 0x0000000008002b34
                0x0000000020000170                . = ALIGN (0x8)
                [!provide]                        PROVIDE (end = .)
                0x0000000020000170                PROVIDE (_end = .)
                0x0000000020000370                . = (. + _Min_Heap_Size)
 *fill*         0x0000000020000170      0x200 
                0x0000000020000770                . = (. + _Min_Stack_Size)
 *fill*         0x0000000020000370      0x400 
                0x0000000020000770                . = ALIGN (0x8)

/DISCARD/
 libc.a(*)
 libm.a(*)
 libgcc.a(*)

.ARM.attributes
                0x0000000000000000       0x29
 *(.ARM.attributes)
 .ARM.attributes
                0x0000000000000000       0x1d d:/examples/stm32/stm32cubeide_1.7.0/stm32cubeide/plugins/com.st.stm32cube.ide.mcu.externaltools.gnu-tools-for-stm32.9-2020-q2-update.win32_2.0.0.202105311346/tools/bin/../lib/gcc/arm-none-eabi/9.3.1/thumb/v7-m/nofp/crti.o
 .ARM.attributes
                0x000000000000001d       0x2d d:/examples/stm32/stm32cubeide_1.7.0/stm32cubeide/plugins/com.st.stm32cube.ide.mcu.externaltools.gnu-tools-for-stm32.9-2020-q2-update.win32_2.0.0.202105311346/tools/bin/../lib/gcc/arm-none-eabi/9.3.1/thumb/v7-m/nofp/crtbegin.o
 .ARM.attributes
                0x000000000000004a       0x2d ./Core/Src/7segment.o
 .ARM.attributes
                0x0000000000000077       0x2d ./Core/Src/button.o
 .ARM.attributes
                0x00000000000000a4       0x2d ./Core/Src/fsm_automatic.o
 .ARM.attributes
                0x00000000000000d1       0x33 ./Core/Src/global.o
 .ARM.attributes
                0x0000000000000104       0x2d ./Core/Src/main.o
 .ARM.attributes
                0x0000000000000131       0x2d ./Core/Src/software_timer.o
 .ARM.attributes
                0x000000000000015e       0x2d ./Core/Src/stm32f1xx_hal_msp.o
 .ARM.attributes
                0x000000000000018b       0x2d ./Core/Src/stm32f1xx_it.o
 .ARM.attributes
                0x00000000000001b8       0x2d ./Core/Src/system_stm32f1xx.o
 .ARM.attributes
                0x00000000000001e5       0x21 ./Core/Startup/startup_stm32f103c6ux.o
 .ARM.attributes
                0x0000000000000206       0x2d ./Drivers/STM32F1xx_HAL_Driver/Src/stm32f1xx_hal.o
 .ARM.attributes
                0x0000000000000233       0x2d ./Drivers/STM32F1xx_HAL_Driver/Src/stm32f1xx_hal_cortex.o
 .ARM.attributes
                0x0000000000000260       0x2d ./Drivers/STM32F1xx_HAL_Driver/Src/stm32f1xx_hal_gpio.o
 .ARM.attributes
                0x000000000000028d       0x2d ./Drivers/STM32F1xx_HAL_Driver/Src/stm32f1xx_hal_rcc.o
 .ARM.attributes
                0x00000000000002ba       0x2d ./Drivers/STM32F1xx_HAL_Driver/Src/stm32f1xx_hal_tim.o
 .ARM.attributes
                0x00000000000002e7       0x2d ./Drivers/STM32F1xx_HAL_Driver/Src/stm32f1xx_hal_tim_ex.o
 .ARM.attributes
                0x0000000000000314       0x2d d:/examples/stm32/stm32cubeide_1.7.0/stm32cubeide/plugins/com.st.stm32cube.ide.mcu.externaltools.gnu-tools-for-stm32.9-2020-q2-update.win32_2.0.0.202105311346/tools/bin/../lib/gcc/arm-none-eabi/9.3.1/../../../../arm-none-eabi/lib/thumb/v7-m/nofp\libc_nano.a(lib_a-init.o)
 .ARM.attributes
                0x0000000000000341       0x2d d:/examples/stm32/stm32cubeide_1.7.0/stm32cubeide/plugins/com.st.stm32cube.ide.mcu.externaltools.gnu-tools-for-stm32.9-2020-q2-update.win32_2.0.0.202105311346/tools/bin/../lib/gcc/arm-none-eabi/9.3.1/../../../../arm-none-eabi/lib/thumb/v7-m/nofp\libc_nano.a(lib_a-memset.o)
 .ARM.attributes
                0x000000000000036e       0x1d d:/examples/stm32/stm32cubeide_1.7.0/stm32cubeide/plugins/com.st.stm32cube.ide.mcu.externaltools.gnu-tools-for-stm32.9-2020-q2-update.win32_2.0.0.202105311346/tools/bin/../lib/gcc/arm-none-eabi/9.3.1/thumb/v7-m/nofp/crtn.o
OUTPUT(Lab3.elf elf32-littlearm)
LOAD linker stubs
LOAD d:/examples/stm32/stm32cubeide_1.7.0/stm32cubeide/plugins/com.st.stm32cube.ide.mcu.externaltools.gnu-tools-for-stm32.9-2020-q2-update.win32_2.0.0.202105311346/tools/bin/../lib/gcc/arm-none-eabi/9.3.1/../../../../arm-none-eabi/lib/thumb/v7-m/nofp\libc.a
LOAD d:/examples/stm32/stm32cubeide_1.7.0/stm32cubeide/plugins/com.st.stm32cube.ide.mcu.externaltools.gnu-tools-for-stm32.9-2020-q2-update.win32_2.0.0.202105311346/tools/bin/../lib/gcc/arm-none-eabi/9.3.1/../../../../arm-none-eabi/lib/thumb/v7-m/nofp\libm.a
LOAD d:/examples/stm32/stm32cubeide_1.7.0/stm32cubeide/plugins/com.st.stm32cube.ide.mcu.externaltools.gnu-tools-for-stm32.9-2020-q2-update.win32_2.0.0.202105311346/tools/bin/../lib/gcc/arm-none-eabi/9.3.1/thumb/v7-m/nofp\libgcc.a

.debug_info     0x0000000000000000     0x9346
 .debug_info    0x0000000000000000      0x3ac ./Core/Src/7segment.o
 .debug_info    0x00000000000003ac      0x465 ./Core/Src/button.o
 .debug_info    0x0000000000000811      0x2f8 ./Core/Src/fsm_automatic.o
 .debug_info    0x0000000000000b09      0x22d ./Core/Src/global.o
 .debug_info    0x0000000000000d36      0xc20 ./Core/Src/main.o
 .debug_info    0x0000000000001956       0xff ./Core/Src/software_timer.o
 .debug_info    0x0000000000001a55      0xa09 ./Core/Src/stm32f1xx_hal_msp.o
 .debug_info    0x000000000000245e      0x7b9 ./Core/Src/stm32f1xx_it.o
 .debug_info    0x0000000000002c17      0x2be ./Core/Src/system_stm32f1xx.o
 .debug_info    0x0000000000002ed5       0x22 ./Core/Startup/startup_stm32f103c6ux.o
 .debug_info    0x0000000000002ef7      0x74c ./Drivers/STM32F1xx_HAL_Driver/Src/stm32f1xx_hal.o
 .debug_info    0x0000000000003643      0xbbe ./Drivers/STM32F1xx_HAL_Driver/Src/stm32f1xx_hal_cortex.o
 .debug_info    0x0000000000004201      0x701 ./Drivers/STM32F1xx_HAL_Driver/Src/stm32f1xx_hal_gpio.o
 .debug_info    0x0000000000004902      0x893 ./Drivers/STM32F1xx_HAL_Driver/Src/stm32f1xx_hal_rcc.o
 .debug_info    0x0000000000005195     0x2c32 ./Drivers/STM32F1xx_HAL_Driver/Src/stm32f1xx_hal_tim.o
 .debug_info    0x0000000000007dc7     0x157f ./Drivers/STM32F1xx_HAL_Driver/Src/stm32f1xx_hal_tim_ex.o

.debug_abbrev   0x0000000000000000     0x1ab0
 .debug_abbrev  0x0000000000000000      0x151 ./Core/Src/7segment.o
 .debug_abbrev  0x0000000000000151      0x1c7 ./Core/Src/button.o
 .debug_abbrev  0x0000000000000318      0x126 ./Core/Src/fsm_automatic.o
 .debug_abbrev  0x000000000000043e       0xae ./Core/Src/global.o
 .debug_abbrev  0x00000000000004ec      0x231 ./Core/Src/main.o
 .debug_abbrev  0x000000000000071d       0xe7 ./Core/Src/software_timer.o
 .debug_abbrev  0x0000000000000804      0x1b7 ./Core/Src/stm32f1xx_hal_msp.o
 .debug_abbrev  0x00000000000009bb      0x176 ./Core/Src/stm32f1xx_it.o
 .debug_abbrev  0x0000000000000b31      0x14e ./Core/Src/system_stm32f1xx.o
 .debug_abbrev  0x0000000000000c7f       0x12 ./Core/Startup/startup_stm32f103c6ux.o
 .debug_abbrev  0x0000000000000c91      0x1ed ./Drivers/STM32F1xx_HAL_Driver/Src/stm32f1xx_hal.o
 .debug_abbrev  0x0000000000000e7e      0x313 ./Drivers/STM32F1xx_HAL_Driver/Src/stm32f1xx_hal_cortex.o
 .debug_abbrev  0x0000000000001191      0x1e8 ./Drivers/STM32F1xx_HAL_Driver/Src/stm32f1xx_hal_gpio.o
 .debug_abbrev  0x0000000000001379      0x273 ./Drivers/STM32F1xx_HAL_Driver/Src/stm32f1xx_hal_rcc.o
 .debug_abbrev  0x00000000000015ec      0x25e ./Drivers/STM32F1xx_HAL_Driver/Src/stm32f1xx_hal_tim.o
 .debug_abbrev  0x000000000000184a      0x266 ./Drivers/STM32F1xx_HAL_Driver/Src/stm32f1xx_hal_tim_ex.o

.debug_aranges  0x0000000000000000      0xa58
 .debug_aranges
                0x0000000000000000       0x70 ./Core/Src/7segment.o
 .debug_aranges
                0x0000000000000070       0x40 ./Core/Src/button.o
 .debug_aranges
                0x00000000000000b0       0x30 ./Core/Src/fsm_automatic.o
 .debug_aranges
                0x00000000000000e0       0x18 ./Core/Src/global.o
 .debug_aranges
                0x00000000000000f8       0x48 ./Core/Src/main.o
 .debug_aranges
                0x0000000000000140       0x30 ./Core/Src/software_timer.o
 .debug_aranges
                0x0000000000000170       0x30 ./Core/Src/stm32f1xx_hal_msp.o
 .debug_aranges
                0x00000000000001a0       0x68 ./Core/Src/stm32f1xx_it.o
 .debug_aranges
                0x0000000000000208       0x28 ./Core/Src/system_stm32f1xx.o
 .debug_aranges
                0x0000000000000230       0x28 ./Core/Startup/startup_stm32f103c6ux.o
 .debug_aranges
                0x0000000000000258       0xe0 ./Drivers/STM32F1xx_HAL_Driver/Src/stm32f1xx_hal.o
 .debug_aranges
                0x0000000000000338      0x100 ./Drivers/STM32F1xx_HAL_Driver/Src/stm32f1xx_hal_cortex.o
 .debug_aranges
                0x0000000000000438       0x58 ./Drivers/STM32F1xx_HAL_Driver/Src/stm32f1xx_hal_gpio.o
 .debug_aranges
                0x0000000000000490       0x90 ./Drivers/STM32F1xx_HAL_Driver/Src/stm32f1xx_hal_rcc.o
 .debug_aranges
                0x0000000000000520      0x3d0 ./Drivers/STM32F1xx_HAL_Driver/Src/stm32f1xx_hal_tim.o
 .debug_aranges
                0x00000000000008f0      0x168 ./Drivers/STM32F1xx_HAL_Driver/Src/stm32f1xx_hal_tim_ex.o

.debug_ranges   0x0000000000000000      0x958
 .debug_ranges  0x0000000000000000       0x60 ./Core/Src/7segment.o
 .debug_ranges  0x0000000000000060       0x30 ./Core/Src/button.o
 .debug_ranges  0x0000000000000090       0x20 ./Core/Src/fsm_automatic.o
 .debug_ranges  0x00000000000000b0       0x38 ./Core/Src/main.o
 .debug_ranges  0x00000000000000e8       0x20 ./Core/Src/software_timer.o
 .debug_ranges  0x0000000000000108       0x20 ./Core/Src/stm32f1xx_hal_msp.o
 .debug_ranges  0x0000000000000128       0x58 ./Core/Src/stm32f1xx_it.o
 .debug_ranges  0x0000000000000180       0x18 ./Core/Src/system_stm32f1xx.o
 .debug_ranges  0x0000000000000198       0x20 ./Core/Startup/startup_stm32f103c6ux.o
 .debug_ranges  0x00000000000001b8       0xd0 ./Drivers/STM32F1xx_HAL_Driver/Src/stm32f1xx_hal.o
 .debug_ranges  0x0000000000000288       0xf0 ./Drivers/STM32F1xx_HAL_Driver/Src/stm32f1xx_hal_cortex.o
 .debug_ranges  0x0000000000000378       0x48 ./Drivers/STM32F1xx_HAL_Driver/Src/stm32f1xx_hal_gpio.o
 .debug_ranges  0x00000000000003c0       0x80 ./Drivers/STM32F1xx_HAL_Driver/Src/stm32f1xx_hal_rcc.o
 .debug_ranges  0x0000000000000440      0x3c0 ./Drivers/STM32F1xx_HAL_Driver/Src/stm32f1xx_hal_tim.o
 .debug_ranges  0x0000000000000800      0x158 ./Drivers/STM32F1xx_HAL_Driver/Src/stm32f1xx_hal_tim_ex.o

.debug_macro    0x0000000000000000    0x16bc7
 .debug_macro   0x0000000000000000      0x1e8 ./Core/Src/7segment.o
 .debug_macro   0x00000000000001e8      0xa9c ./Core/Src/7segment.o
 .debug_macro   0x0000000000000c84      0x215 ./Core/Src/7segment.o
 .debug_macro   0x0000000000000e99       0x2e ./Core/Src/7segment.o
 .debug_macro   0x0000000000000ec7       0x22 ./Core/Src/7segment.o
 .debug_macro   0x0000000000000ee9       0x22 ./Core/Src/7segment.o
 .debug_macro   0x0000000000000f0b       0x8e ./Core/Src/7segment.o
 .debug_macro   0x0000000000000f99       0x51 ./Core/Src/7segment.o
 .debug_macro   0x0000000000000fea      0x103 ./Core/Src/7segment.o
 .debug_macro   0x00000000000010ed       0x6a ./Core/Src/7segment.o
 .debug_macro   0x0000000000001157      0x1df ./Core/Src/7segment.o
 .debug_macro   0x0000000000001336       0x1c ./Core/Src/7segment.o
 .debug_macro   0x0000000000001352       0x22 ./Core/Src/7segment.o
 .debug_macro   0x0000000000001374       0xc3 ./Core/Src/7segment.o
 .debug_macro   0x0000000000001437      0xd23 ./Core/Src/7segment.o
 .debug_macro   0x000000000000215a     0xde75 ./Core/Src/7segment.o
 .debug_macro   0x000000000000ffcf       0x6d ./Core/Src/7segment.o
 .debug_macro   0x000000000001003c     0x34a2 ./Core/Src/7segment.o
 .debug_macro   0x00000000000134de      0x174 ./Core/Src/7segment.o
 .debug_macro   0x0000000000013652       0x5c ./Core/Src/7segment.o
 .debug_macro   0x00000000000136ae      0x5bc ./Core/Src/7segment.o
 .debug_macro   0x0000000000013c6a      0x1b7 ./Core/Src/7segment.o
 .debug_macro   0x0000000000013e21      0x1cb ./Core/Src/7segment.o
 .debug_macro   0x0000000000013fec      0x114 ./Core/Src/7segment.o
 .debug_macro   0x0000000000014100      0x1b2 ./Core/Src/7segment.o
 .debug_macro   0x00000000000142b2       0x27 ./Core/Src/7segment.o
 .debug_macro   0x00000000000142d9      0x12f ./Core/Src/7segment.o
 .debug_macro   0x0000000000014408      0x1bc ./Core/Src/7segment.o
 .debug_macro   0x00000000000145c4       0x34 ./Core/Src/7segment.o
 .debug_macro   0x00000000000145f8       0x3c ./Core/Src/7segment.o
 .debug_macro   0x0000000000014634       0x57 ./Core/Src/7segment.o
 .debug_macro   0x000000000001468b       0x87 ./Core/Src/7segment.o
 .debug_macro   0x0000000000014712      0x183 ./Core/Src/7segment.o
 .debug_macro   0x0000000000014895      0x140 ./Core/Src/7segment.o
 .debug_macro   0x00000000000149d5      0x8ed ./Core/Src/7segment.o
 .debug_macro   0x00000000000152c2       0x69 ./Core/Src/7segment.o
 .debug_macro   0x000000000001532b      0x148 ./Core/Src/7segment.o
 .debug_macro   0x0000000000015473       0x16 ./Core/Src/7segment.o
 .debug_macro   0x0000000000015489       0x52 ./Core/Src/7segment.o
 .debug_macro   0x00000000000154db      0x1f4 ./Core/Src/button.o
 .debug_macro   0x00000000000156cf       0x10 ./Core/Src/button.o
 .debug_macro   0x00000000000156df      0x1e4 ./Core/Src/fsm_automatic.o
 .debug_macro   0x00000000000158c3      0x1e0 ./Core/Src/global.o
 .debug_macro   0x0000000000015aa3      0x1e4 ./Core/Src/main.o
 .debug_macro   0x0000000000015c87       0x27 ./Core/Src/software_timer.o
 .debug_macro   0x0000000000015cae      0x1a6 ./Core/Src/stm32f1xx_hal_msp.o
 .debug_macro   0x0000000000015e54      0x1b0 ./Core/Src/stm32f1xx_it.o
 .debug_macro   0x0000000000016004      0x197 ./Core/Src/system_stm32f1xx.o
 .debug_macro   0x000000000001619b      0x1bb ./Drivers/STM32F1xx_HAL_Driver/Src/stm32f1xx_hal.o
 .debug_macro   0x0000000000016356      0x197 ./Drivers/STM32F1xx_HAL_Driver/Src/stm32f1xx_hal_cortex.o
 .debug_macro   0x00000000000164ed      0x202 ./Drivers/STM32F1xx_HAL_Driver/Src/stm32f1xx_hal_gpio.o
 .debug_macro   0x00000000000166ef      0x1a9 ./Drivers/STM32F1xx_HAL_Driver/Src/stm32f1xx_hal_rcc.o
 .debug_macro   0x0000000000016898      0x198 ./Drivers/STM32F1xx_HAL_Driver/Src/stm32f1xx_hal_tim.o
 .debug_macro   0x0000000000016a30      0x197 ./Drivers/STM32F1xx_HAL_Driver/Src/stm32f1xx_hal_tim_ex.o

.debug_line     0x0000000000000000     0xb7ab
 .debug_line    0x0000000000000000      0xa10 ./Core/Src/7segment.o
 .debug_line    0x0000000000000a10      0x80a ./Core/Src/button.o
 .debug_line    0x000000000000121a      0x8c3 ./Core/Src/fsm_automatic.o
 .debug_line    0x0000000000001add      0x6be ./Core/Src/global.o
 .debug_line    0x000000000000219b      0x801 ./Core/Src/main.o
 .debug_line    0x000000000000299c       0xd8 ./Core/Src/software_timer.o
 .debug_line    0x0000000000002a74      0x6d1 ./Core/Src/stm32f1xx_hal_msp.o
 .debug_line    0x0000000000003145      0x76f ./Core/Src/stm32f1xx_it.o
 .debug_line    0x00000000000038b4      0x713 ./Core/Src/system_stm32f1xx.o
 .debug_line    0x0000000000003fc7       0x86 ./Core/Startup/startup_stm32f103c6ux.o
 .debug_line    0x000000000000404d      0x940 ./Drivers/STM32F1xx_HAL_Driver/Src/stm32f1xx_hal.o
 .debug_line    0x000000000000498d      0xb28 ./Drivers/STM32F1xx_HAL_Driver/Src/stm32f1xx_hal_cortex.o
 .debug_line    0x00000000000054b5      0x9c3 ./Drivers/STM32F1xx_HAL_Driver/Src/stm32f1xx_hal_gpio.o
 .debug_line    0x0000000000005e78      0xd4c ./Drivers/STM32F1xx_HAL_Driver/Src/stm32f1xx_hal_rcc.o
 .debug_line    0x0000000000006bc4     0x3391 ./Drivers/STM32F1xx_HAL_Driver/Src/stm32f1xx_hal_tim.o
 .debug_line    0x0000000000009f55     0x1856 ./Drivers/STM32F1xx_HAL_Driver/Src/stm32f1xx_hal_tim_ex.o

.debug_str      0x0000000000000000    0x82513
 .debug_str     0x0000000000000000    0x7fa2a ./Core/Src/7segment.o
                                      0x7fd70 (size before relaxing)
 .debug_str     0x000000000007fa2a       0xe6 ./Core/Src/button.o
                                      0x7fddd (size before relaxing)
 .debug_str     0x000000000007fb10       0x63 ./Core/Src/fsm_automatic.o
                                      0x7fd43 (size before relaxing)
 .debug_str     0x000000000007fb73       0x15 ./Core/Src/global.o
                                      0x7fcbf (size before relaxing)
 .debug_str     0x000000000007fb88      0x6df ./Core/Src/main.o
                                      0x80480 (size before relaxing)
 .debug_str     0x0000000000080267       0x5f ./Core/Src/software_timer.o
                                       0x2e01 (size before relaxing)
 .debug_str     0x00000000000802c6      0x2ba ./Core/Src/stm32f1xx_hal_msp.o
                                      0x8036d (size before relaxing)
 .debug_str     0x0000000000080580       0xcd ./Core/Src/stm32f1xx_it.o
                                      0x800cf (size before relaxing)
 .debug_str     0x000000000008064d       0x52 ./Core/Src/system_stm32f1xx.o
                                      0x7f77e (size before relaxing)
 .debug_str     0x000000000008069f       0x36 ./Core/Startup/startup_stm32f103c6ux.o
                                         0x72 (size before relaxing)
 .debug_str     0x00000000000806d5      0x304 ./Drivers/STM32F1xx_HAL_Driver/Src/stm32f1xx_hal.o
                                      0x7fdd5 (size before relaxing)
 .debug_str     0x00000000000809d9      0x300 ./Drivers/STM32F1xx_HAL_Driver/Src/stm32f1xx_hal_cortex.o
                                      0x7fddd (size before relaxing)
 .debug_str     0x0000000000080cd9      0x31f ./Drivers/STM32F1xx_HAL_Driver/Src/stm32f1xx_hal_gpio.o
                                      0x7fb42 (size before relaxing)
 .debug_str     0x0000000000080ff8      0x24f ./Drivers/STM32F1xx_HAL_Driver/Src/stm32f1xx_hal_rcc.o
                                      0x7fb7b (size before relaxing)
 .debug_str     0x0000000000081247      0xdde ./Drivers/STM32F1xx_HAL_Driver/Src/stm32f1xx_hal_tim.o
                                      0x80b64 (size before relaxing)
 .debug_str     0x0000000000082025      0x4ee ./Drivers/STM32F1xx_HAL_Driver/Src/stm32f1xx_hal_tim_ex.o
                                      0x80305 (size before relaxing)

.comment        0x0000000000000000       0x53
 .comment       0x0000000000000000       0x53 ./Core/Src/7segment.o
                                         0x54 (size before relaxing)
 .comment       0x0000000000000053       0x54 ./Core/Src/button.o
 .comment       0x0000000000000053       0x54 ./Core/Src/fsm_automatic.o
 .comment       0x0000000000000053       0x54 ./Core/Src/global.o
 .comment       0x0000000000000053       0x54 ./Core/Src/main.o
 .comment       0x0000000000000053       0x54 ./Core/Src/software_timer.o
 .comment       0x0000000000000053       0x54 ./Core/Src/stm32f1xx_hal_msp.o
 .comment       0x0000000000000053       0x54 ./Core/Src/stm32f1xx_it.o
 .comment       0x0000000000000053       0x54 ./Core/Src/system_stm32f1xx.o
 .comment       0x0000000000000053       0x54 ./Drivers/STM32F1xx_HAL_Driver/Src/stm32f1xx_hal.o
 .comment       0x0000000000000053       0x54 ./Drivers/STM32F1xx_HAL_Driver/Src/stm32f1xx_hal_cortex.o
 .comment       0x0000000000000053       0x54 ./Drivers/STM32F1xx_HAL_Driver/Src/stm32f1xx_hal_gpio.o
 .comment       0x0000000000000053       0x54 ./Drivers/STM32F1xx_HAL_Driver/Src/stm32f1xx_hal_rcc.o
 .comment       0x0000000000000053       0x54 ./Drivers/STM32F1xx_HAL_Driver/Src/stm32f1xx_hal_tim.o
 .comment       0x0000000000000053       0x54 ./Drivers/STM32F1xx_HAL_Driver/Src/stm32f1xx_hal_tim_ex.o

.debug_frame    0x0000000000000000     0x28f8
 .debug_frame   0x0000000000000000      0x16c ./Core/Src/7segment.o
 .debug_frame   0x000000000000016c       0xd0 ./Core/Src/button.o
 .debug_frame   0x000000000000023c       0x70 ./Core/Src/fsm_automatic.o
 .debug_frame   0x00000000000002ac       0xd4 ./Core/Src/main.o
 .debug_frame   0x0000000000000380       0x88 ./Core/Src/software_timer.o
 .debug_frame   0x0000000000000408       0x80 ./Core/Src/stm32f1xx_hal_msp.o
 .debug_frame   0x0000000000000488      0x120 ./Core/Src/stm32f1xx_it.o
 .debug_frame   0x00000000000005a8       0x58 ./Core/Src/system_stm32f1xx.o
 .debug_frame   0x0000000000000600      0x334 ./Drivers/STM32F1xx_HAL_Driver/Src/stm32f1xx_hal.o
 .debug_frame   0x0000000000000934      0x428 ./Drivers/STM32F1xx_HAL_Driver/Src/stm32f1xx_hal_cortex.o
 .debug_frame   0x0000000000000d5c      0x14c ./Drivers/STM32F1xx_HAL_Driver/Src/stm32f1xx_hal_gpio.o
 .debug_frame   0x0000000000000ea8      0x218 ./Drivers/STM32F1xx_HAL_Driver/Src/stm32f1xx_hal_rcc.o
 .debug_frame   0x00000000000010c0     0x11b4 ./Drivers/STM32F1xx_HAL_Driver/Src/stm32f1xx_hal_tim.o
 .debug_frame   0x0000000000002274      0x638 ./Drivers/STM32F1xx_HAL_Driver/Src/stm32f1xx_hal_tim_ex.o
 .debug_frame   0x00000000000028ac       0x2c d:/examples/stm32/stm32cubeide_1.7.0/stm32cubeide/plugins/com.st.stm32cube.ide.mcu.externaltools.gnu-tools-for-stm32.9-2020-q2-update.win32_2.0.0.202105311346/tools/bin/../lib/gcc/arm-none-eabi/9.3.1/../../../../arm-none-eabi/lib/thumb/v7-m/nofp\libc_nano.a(lib_a-init.o)
 .debug_frame   0x00000000000028d8       0x20 d:/examples/stm32/stm32cubeide_1.7.0/stm32cubeide/plugins/com.st.stm32cube.ide.mcu.externaltools.gnu-tools-for-stm32.9-2020-q2-update.win32_2.0.0.202105311346/tools/bin/../lib/gcc/arm-none-eabi/9.3.1/../../../../arm-none-eabi/lib/thumb/v7-m/nofp\libc_nano.a(lib_a-memset.o)
